// Jest Snapshot v1, https://goo.gl/fbAQLP

exports[`TutorialPage Component should render the ConnectedTutorialPage component 1`] = `
<Component
  getThread={[Function]}
  thread={
    Object {
      "pending": true,
    }
  }
/>
`;

exports[`TutorialPage Component should render the TutorialPage component error state 1`] = `""`;

exports[`TutorialPage Component should render the TutorialPage component fulfilled state 1`] = `
<Fragment>
  <Grid
    bsClass="container"
    componentClass="div"
    fluid={true}
  >
    <Row
      bsClass="row"
      componentClass="div"
    >
      <withRouter(Connect(Masthead)) />
    </Row>
    <Row
      bsClass="row"
      componentClass="div"
    >
      <Col
        bsClass="col"
        className="integr8ly-task-container"
        componentClass="div"
        sm={8}
        xs={12}
      >
        <Component />
        <Button
          active={false}
          block={false}
          bsClass="btn"
          bsStyle="primary"
          disabled={false}
          onClick={[Function]}
        >
          tutorial.getStarted
        </Button>
      </Col>
      <Col
        bsClass="col"
        className="integr8ly-task-container"
        componentClass="div"
        sm={4}
      >
        <h4
          className="integr8ly-helpful-links-heading"
        >
          Helpful Links
        </h4>
        <h4
          className="integr8ly-helpful-links-product-title"
        >
          Red Hat OpenShift
        </h4>
        <ul
          className="list-unstyled"
        >
          <li>
            <a
              href="https://help.openshift.com/"
            >
              OpenShift Online Help Center
            </a>
          </li>
          <li>
            <a
              href="https://blog.openshift.com/"
            >
              OpenShift Blog
            </a>
          </li>
        </ul>
        <h4
          className="integr8ly-helpful-links-product-title"
        >
          Red Hat Fuse
          <span
            className="label label-default integr8ly-label-non-ga"
          >
            Non-GA
          </span>
        </h4>
        <ul
          className="list-unstyled"
        >
          <li>
            <a
              href="https://developers.redhat.com/products/fuse/help/"
            >
              Fuse Community Q&A
            </a>
          </li>
          <li>
            <a
              href="https://developers.redhat.com/videos/vimeo/95497167/"
            >
              Fuse Overview
            </a>
          </li>
        </ul>
        <h4
          className="integr8ly-helpful-links-product-title"
        >
          Red Hat AMQ
        </h4>
        <ul
          className="list-unstyled"
        >
          <li>
            <a
              href="https://developers.redhat.com/products/amq/help/"
            >
              AMQ Community Q&A
            </a>
          </li>
          <li>
            <a
              href="https://access.redhat.com/products/red-hat-amq"
            >
              AMQ Videos
            </a>
          </li>
        </ul>
      </Col>
    </Row>
    <Row
      bsClass="row"
      componentClass="div"
    >
      <Col
        bsClass="col"
        componentClass="div"
        sm={8}
        xs={12}
      >
        <h3>
          tutorial.tasksToComplete
          <div
            className="pull-right task-dashboard-time-to-completion"
          >
            <Icon
              name="clock-o"
              type="fa"
            />
             
            <span>
               
              tutorial.minutes
            </span>
          </div>
        </h3>
        <ListView
          className="list-view-pf-integreatly"
        >
          <ListViewItem
            actions={
              <div
                className="task-dashboard-estimated-time"
              >
                <Icon
                  name="clock-o"
                  style={
                    Object {
                      "marginRight": 5,
                    }
                  }
                  type="fa"
                />
                 
                <span>
                  10 
                  tutorial.minutes
                </span>
              </div>
            }
            additionalInfo={null}
            checkboxInput={null}
            compoundExpand={false}
            compoundExpanded={false}
            description={
              <div>
                <ul
                  style={
                    Object {
                      "paddingLeft": 20,
                    }
                  }
                >
                  <li>
                    Github account
                  </li>
                </ul>
              </div>
            }
            heading="0. Completing prerequisites"
            hideCloseIcon={false}
            leftContent={null}
            onCloseCompoundExpand={[Function]}
            onExpand={[Function]}
            onExpandClose={[Function]}
            stacked={true}
          />
          <ListViewItem
            actions={
              <div
                className="task-dashboard-estimated-time"
              >
                <Icon
                  name="clock-o"
                  style={
                    Object {
                      "marginRight": 5,
                    }
                  }
                  type="fa"
                />
                 
                <span>
                  6
                   
                  tutorial.minutes
                </span>
              </div>
            }
            additionalInfo={null}
            checkboxInput={null}
            compoundExpand={false}
            compoundExpanded={false}
            description="EnMasse simplifies running messaging infrastructure for your organization. You use it to provide messaging services from a Node.js app to a Spring Boot app."
            heading="1. Creating an EnMasse space"
            hideCloseIcon={false}
            key="0"
            leftContent={null}
            onCloseCompoundExpand={[Function]}
            onExpand={[Function]}
            onExpandClose={[Function]}
            stacked={true}
          />
        </ListView>
      </Col>
      <Col
        bsClass="col"
        componentClass="div"
        sm={8}
        xs={12}
      >
        <Button
          active={false}
          block={false}
          bsClass="btn"
          bsStyle="primary"
          disabled={false}
          onClick={[Function]}
        >
          tutorial.getStarted
        </Button>
      </Col>
    </Row>
  </Grid>
</Fragment>
`;

exports[`TutorialPage Component should render the TutorialPage component pending state 1`] = `""`;
